FEOSManager::UpdateNetworkStatus OnlineSubsystem is null.
warn:  D3D11CoreCreateDevice: Adapter is not a DXVK adapter
info:  Game: RocketLeague.exe
info:  DXVK: v1.10.3-20230507-async (macOS)
info:  Built-in extension providers:
info:    Win32 WSI
info:    OpenVR
info:    OpenXR
info:  OpenVR: could not open registry key, status 2
info:  OpenVR: Failed to locate module
info:  Enabled instance extensions:
info:    VK_KHR_get_surface_capabilities2
info:    VK_KHR_surface
info:    VK_KHR_win32_surface
warn:  Skipping CPU adapter: llvmpipe (LLVM 19.1.7, 256 bits)
info:  D3D11CoreCreateDevice: Probing D3D_FEATURE_LEVEL_11_0
info:  D3D11CoreCreateDevice: Using feature level D3D_FEATURE_LEVEL_11_0
info:  Device properties:
info:    Device name:     : Intel(R) Iris(R) Xe Graphics (TGL GT2)
info:    Driver version   : 25.0.7
info:  Enabled device extensions:
info:    VK_EXT_4444_formats
info:    VK_EXT_conservative_rasterization
info:    VK_EXT_custom_border_color
info:    VK_EXT_depth_clip_enable
info:    VK_EXT_extended_dynamic_state
info:    VK_EXT_host_query_reset
info:    VK_EXT_non_seamless_cube_map
info:    VK_EXT_robustness2
info:    VK_EXT_shader_demote_to_helper_invocation
info:    VK_EXT_shader_stencil_export
info:    VK_EXT_shader_viewport_index_layer
info:    VK_EXT_transform_feedback
info:    VK_EXT_vertex_attribute_divisor
info:    VK_KHR_create_renderpass2
info:    VK_KHR_depth_stencil_resolve
info:    VK_KHR_draw_indirect_count
info:    VK_KHR_driver_properties
info:    VK_KHR_external_memory_win32
info:    VK_KHR_external_semaphore_win32
info:    VK_KHR_image_format_list
info:    VK_KHR_sampler_mirror_clamp_to_edge
info:    VK_KHR_shader_float_controls
info:    VK_KHR_swapchain
info:    VK_KHR_timeline_semaphore
info:  Device features:
info:    robustBufferAccess                     : 1
info:    fullDrawIndexUint32                    : 1
info:    imageCubeArray                         : 1
info:    independentBlend                       : 1
info:    geometryShader                         : 1
info:    tessellationShader                     : 1
info:    sampleRateShading                      : 1
info:    dualSrcBlend                           : 1
info:    logicOp                                : 1
info:    multiDrawIndirect                      : 1
info:    drawIndirectFirstInstance              : 1
info:    depthClamp                             : 1
info:    depthBiasClamp                         : 1
info:    fillModeNonSolid                       : 1
info:    depthBounds                            : 1
info:    multiViewport                          : 1
info:    samplerAnisotropy                      : 1
info:    textureCompressionBC                   : 1
info:    occlusionQueryPrecise                  : 1
info:    pipelineStatisticsQuery                : 1
info:    vertexPipelineStoresAndAtomics         : 0
info:    fragmentStoresAndAtomics               : 1
info:    shaderImageGatherExtended              : 1
info:    shaderStorageImageExtendedFormats      : 0
info:    shaderStorageImageReadWithoutFormat    : 0
info:    shaderStorageImageWriteWithoutFormat   : 1
info:    shaderClipDistance                     : 1
info:    shaderCullDistance                     : 1
info:    shaderFloat64                          : 0
info:    shaderInt64                            : 1
info:    variableMultisampleRate                : 1
info:  VK_EXT_4444_formats
info:    formatA4R4G4B4                         : 1
info:    formatA4B4G4R4                         : 0
info:  VK_EXT_custom_border_color
info:    customBorderColors                     : 1
info:    customBorderColorWithoutFormat         : 1
info:  VK_EXT_depth_clip_enable
info:    depthClipEnable                        : 1
info:  VK_EXT_extended_dynamic_state
info:    extendedDynamicState                   : 1
info:  VK_EXT_host_query_reset
info:    hostQueryReset                         : 1
info:  VK_EXT_memory_priority
info:    memoryPriority                         : 0
info:  VK_EXT_non_seamless_cube_map
info:    nonSeamlessCubeMap                     : 0
info:  VK_EXT_robustness2
info:    robustBufferAccess2                    : 1
info:    robustImageAccess2                     : 1
info:    nullDescriptor                         : 1
info:  VK_EXT_shader_demote_to_helper_invocation
info:    shaderDemoteToHelperInvocation         : 1
info:  VK_EXT_transform_feedback
info:    transformFeedback                      : 1
info:    geometryStreams                        : 1
info:  VK_EXT_vertex_attribute_divisor
info:    vertexAttributeInstanceRateDivisor     : 1
info:    vertexAttributeInstanceRateZeroDivisor : 1
info:  VK_KHR_buffer_device_address
info:    bufferDeviceAddress                    : 0
info:  VK_KHR_timeline_semaphore
info:    timelineSemaphore                      : 1
info:  Queue families:
info:    Graphics : 0
info:    Transfer : 0
warn:  DXVK: No state cache file found
warn:  DXVK: No state cache file found
warn:  DXVK: Creating new state cache file
Xlib:  extension "MIT-SHM" missing on display ":99".
ALSA lib confmisc.c:855:(parse_card) cannot find card '0'
ALSA lib conf.c:5205:(_snd_config_evaluate) function snd_func_card_inum returned error: No such file or directory
ALSA lib confmisc.c:422:(snd_func_concat) error evaluating strings
ALSA lib conf.c:5205:(_snd_config_evaluate) function snd_func_concat returned error: No such file or directory
ALSA lib confmisc.c:1342:(snd_func_refer) error evaluating name
ALSA lib conf.c:5205:(_snd_config_evaluate) function snd_func_refer returned error: No such file or directory
ALSA lib conf.c:5728:(snd_config_expand) Evaluate error: No such file or directory
ALSA lib pcm.c:2722:(snd_pcm_open_noupdate) Unknown PCM default
ALSA lib confmisc.c:855:(parse_card) cannot find card '0'
ALSA lib conf.c:5205:(_snd_config_evaluate) function snd_func_card_inum returned error: No such file or directory
ALSA lib confmisc.c:422:(snd_func_concat) error evaluating strings
ALSA lib conf.c:5205:(_snd_config_evaluate) function snd_func_concat returned error: No such file or directory
ALSA lib confmisc.c:1342:(snd_func_refer) error evaluating name
ALSA lib conf.c:5205:(_snd_config_evaluate) function snd_func_refer returned error: No such file or directory
ALSA lib conf.c:5728:(snd_config_expand) Evaluate error: No such file or directory
ALSA lib pcm.c:2722:(snd_pcm_open_noupdate) Unknown PCM default
warn:  D3D11CoreCreateDevice: Adapter is not a DXVK adapter
info:  Game: RocketLeague.exe
info:  DXVK: v1.10.3-20230507-async (macOS)
info:  Built-in extension providers:
info:    Win32 WSI
info:    OpenVR
info:    OpenXR
info:  OpenVR: could not open registry key, status 2
info:  OpenVR: Failed to locate module
info:  Enabled instance extensions:
info:    VK_KHR_get_surface_capabilities2
info:    VK_KHR_surface
info:    VK_KHR_win32_surface
warn:  Skipping CPU adapter: llvmpipe (LLVM 19.1.7, 256 bits)
info:  D3D11CoreCreateDevice: Probing D3D_FEATURE_LEVEL_11_0
info:  D3D11CoreCreateDevice: Using feature level D3D_FEATURE_LEVEL_11_0
info:  Device properties:
info:    Device name:     : Intel(R) Iris(R) Xe Graphics (TGL GT2)
info:    Driver version   : 25.0.7
info:  Enabled device extensions:
info:    VK_EXT_4444_formats
info:    VK_EXT_conservative_rasterization
info:    VK_EXT_custom_border_color
info:    VK_EXT_depth_clip_enable
info:    VK_EXT_extended_dynamic_state
info:    VK_EXT_host_query_reset
info:    VK_EXT_non_seamless_cube_map
info:    VK_EXT_robustness2
info:    VK_EXT_shader_demote_to_helper_invocation
info:    VK_EXT_shader_stencil_export
info:    VK_EXT_shader_viewport_index_layer
info:    VK_EXT_transform_feedback
info:    VK_EXT_vertex_attribute_divisor
info:    VK_KHR_create_renderpass2
info:    VK_KHR_depth_stencil_resolve
info:    VK_KHR_draw_indirect_count
info:    VK_KHR_driver_properties
info:    VK_KHR_external_memory_win32
info:    VK_KHR_external_semaphore_win32
info:    VK_KHR_image_format_list
info:    VK_KHR_sampler_mirror_clamp_to_edge
info:    VK_KHR_shader_float_controls
info:    VK_KHR_swapchain
info:    VK_KHR_timeline_semaphore
info:  Device features:
info:    robustBufferAccess                     : 1
info:    fullDrawIndexUint32                    : 1
info:    imageCubeArray                         : 1
info:    independentBlend                       : 1
info:    geometryShader                         : 1
info:    tessellationShader                     : 1
info:    sampleRateShading                      : 1
info:    dualSrcBlend                           : 1
info:    logicOp                                : 1
info:    multiDrawIndirect                      : 1
info:    drawIndirectFirstInstance              : 1
info:    depthClamp                             : 1
info:    depthBiasClamp                         : 1
info:    fillModeNonSolid                       : 1
info:    depthBounds                            : 1
info:    multiViewport                          : 1
info:    samplerAnisotropy                      : 1
info:    textureCompressionBC                   : 1
info:    occlusionQueryPrecise                  : 1
info:    pipelineStatisticsQuery                : 1
info:    vertexPipelineStoresAndAtomics         : 0
info:    fragmentStoresAndAtomics               : 1
info:    shaderImageGatherExtended              : 1
info:    shaderStorageImageExtendedFormats      : 0
info:    shaderStorageImageReadWithoutFormat    : 0
info:    shaderStorageImageWriteWithoutFormat   : 1
info:    shaderClipDistance                     : 1
info:    shaderCullDistance                     : 1
info:    shaderFloat64                          : 0
info:    shaderInt64                            : 1
info:    variableMultisampleRate                : 1
info:  VK_EXT_4444_formats
info:    formatA4R4G4B4                         : 1
info:    formatA4B4G4R4                         : 0
info:  VK_EXT_custom_border_color
info:    customBorderColors                     : 1
info:    customBorderColorWithoutFormat         : 1
info:  VK_EXT_depth_clip_enable
info:    depthClipEnable                        : 1
info:  VK_EXT_extended_dynamic_state
info:    extendedDynamicState                   : 1
info:  VK_EXT_host_query_reset
info:    hostQueryReset                         : 1
info:  VK_EXT_memory_priority
info:    memoryPriority                         : 0
info:  VK_EXT_non_seamless_cube_map
info:    nonSeamlessCubeMap                     : 0
info:  VK_EXT_robustness2
info:    robustBufferAccess2                    : 1
info:    robustImageAccess2                     : 1
info:    nullDescriptor                         : 1
info:  VK_EXT_shader_demote_to_helper_invocation
info:    shaderDemoteToHelperInvocation         : 1
info:  VK_EXT_transform_feedback
info:    transformFeedback                      : 1
info:    geometryStreams                        : 1
info:  VK_EXT_vertex_attribute_divisor
info:    vertexAttributeInstanceRateDivisor     : 1
info:    vertexAttributeInstanceRateZeroDivisor : 1
info:  VK_KHR_buffer_device_address
info:    bufferDeviceAddress                    : 0
info:  VK_KHR_timeline_semaphore
info:    timelineSemaphore                      : 1
info:  Queue families:
info:    Graphics : 0
info:    Transfer : 0
warn:  DXVK: No state cache file found
warn:  DXVK: No state cache file found
warn:  DXVK: Creating new state cache file
Xlib:  extension "MIT-SHM" missing on display ":99".
info:  Presenter: Actual swap chain properties:
info:    Format:       VK_FORMAT_B8G8R8A8_UNORM
info:    Present mode: VK_PRESENT_MODE_IMMEDIATE_KHR
info:    Buffer size:  1280x720
info:    Image count:  3
info:    Exclusive FS: 1
info:  Setting display mode: 1280x720@0
WebRequest_X_0 type: HTTPError, message: 
RPC Error (failure): Service=Filters/FilterContent, Type=OSCS_NotConnected, Code=-1, Message=
info:  Presenter: Actual swap chain properties:
info:    Format:       VK_FORMAT_B8G8R8A8_UNORM
info:    Present mode: VK_PRESENT_MODE_IMMEDIATE_KHR
info:    Buffer size:  1280x720
info:    Image count:  3
info:    Exclusive FS: 1
WebRequest_X_1 type: HTTPError, message: 
WebRequest_X_2 type: HTTPError, message: 
WebRequest_X_3 type: HTTPError, message: 
RPC Error (failure): Service=Challenges/FTEGroupComplete, Type=OSCS_NotConnected, Code=-1, Message=
WebRequest_X_4 type: HTTPError, message: 
WebRequest_X_5 type: HTTPError, message: 
WebRequest_X_6 type: HTTPError, message: 
WebRequest_X_7 type: HTTPError, message: 
WebRequest_X_8 type: HTTPError, message: 
WebRequest_X_9 type: HTTPError, message: 
WebRequest_X_10 type: HTTPError, message: 
WebRequest_X_11 type: HTTPError, message: 
WebRequest_X_12 type: HTTPError, message: 
WebRequest_X_13 type: HTTPError, message: 
WebRequest_X_14 type: HTTPError, message: 
WebRequest_X_15 type: HTTPError, message: 
RPC Error (failure): Service=Tournaments/Status/GetScheduleRegion, Type=OSCS_NotConnected, Code=-1, Message=
RPC Error (failure): Service=Regions/GetSubRegions, Type=OSCS_NotConnected, Code=-1, Message=
RPC Error (failure): Service=Regions/GetSubRegions, Type=OSCS_NotConnected, Code=-1, Message=
Error, Can't RequestLinkedAccounts() for user (0) since they are not logged in
ScriptWarning, GetOwnedStatTitleInstances: Stat Tracking Titles definitions are not ready
	SaveData_TA Transient.SaveData_TA_1
	Function TAGame.SaveData_TA:GetOwnedStatTitleInstances:007E
Script call stack:
	Function TAGame.GameInfo_Soccar_TA:PostLogin
	Function TAGame.GameEvent_TA:AddPlayer
	Function TAGame.PRI_TA:SetGameEvent
	Function TAGame.PRI_TA:AddLocalPlayerToGameEvent
	Function TAGame.GameEvent_Soccar_TA:AddLocalPlayer
	Function TAGame.GameEvent_TA:AddLocalPlayer
	Function TAGame.PlayerController_TA:ReplicateLoadout
	Function TAGame.PRI_TA:ReplicateLoadoutToServer
	Function TAGame.StatTitleUtils_TA:BuildOwnedTitleEntries
	Function TAGame.SaveData_TA:GetOwnedStatTitleInstances

FUniqueNetId::FromString - could not parse ''
WebRequest_X_16 type: HTTPError, message: 
WebRequest_X_17 type: HTTPError, message: 
WebRequest_X_18 type: HTTPError, message: 
WebRequest_X_19 type: HTTPError, message: 
WebRequest_X_20 type: HTTPError, message: 
ScriptWarning, Accessed None 'GameEvent'
	GFxData_PRI_TA Transient.GFxData_PRI_TA_1
	Function TAGame.GFxData_PRI_TA:HandleTeamChanged:008B
Script call stack:
	Function TAGame.AIController_TA:Destroyed
	Function TAGame.GameEvent_Soccar_TA:RemovePlayer
	Function TAGame.GameEvent_TA:RemovePlayer
	Function TAGame.GameEvent_Team_TA:OnPlayerRemoved
	Function TAGame.GameEvent_Team_TA:RemovePlayerFromTeam
	Function TAGame.Team_TA:RemoveFromTeam
	Function Engine.PlayerReplicationInfo:SetPlayerTeam
	Function TAGame.PRI_TA:OnTeamChanged
	Function Engine.PlayerReplicationInfo:OnTeamChanged
	Function TAGame.GFxData_PRI_TA:HandleTeamChanged

Error, Can't RequestLinkedAccounts() for user (0) since they are not logged in
ScriptWarning, GetOwnedStatTitleInstances: Stat Tracking Titles definitions are not ready
	SaveData_TA Transient.SaveData_TA_1
	Function TAGame.SaveData_TA:GetOwnedStatTitleInstances:007E
Script call stack:
	Function TAGame.GameInfo_Soccar_TA:PostLogin
	Function TAGame.GameEvent_TA:AddPlayer
	Function TAGame.PRI_TA:SetGameEvent
	Function TAGame.PRI_TA:AddLocalPlayerToGameEvent
	Function TAGame.GameEvent_Soccar_TA:AddLocalPlayer
	Function TAGame.GameEvent_TA:AddLocalPlayer
	Function TAGame.PlayerController_TA:ReplicateLoadout
	Function TAGame.PRI_TA:ReplicateLoadoutToServer
	Function TAGame.StatTitleUtils_TA:BuildOwnedTitleEntries
	Function TAGame.SaveData_TA:GetOwnedStatTitleInstances

FUniqueNetId::FromString - could not parse ''
WebRequest_X_21 type: HTTPError, message: 
WebRequest_X_22 type: HTTPError, message: 
WebRequest_X_23 type: HTTPError, message: 
WebRequest_X_24 type: HTTPError, message: 
WebRequest_X_25 type: HTTPError, message: 
WebRequest_X_26 type: HTTPError, message: 
WebRequest_X_27 type: HTTPError, message: 
info:  Restoring display mode: 1280x720@0
info:  Setting display mode: 1280x720@0
